2026-03-21 10:09:26 | INFO     | [paths] app_root = D:\Usuarios\cdlondono\Downloads\04. Proyectos\PYTHON\Extension-Materiales
2026-03-21 10:09:26 | INFO     | Carpeta de ejecución: D:\Usuarios\cdlondono\Downloads\04. Proyectos\PYTHON\Extension-Materiales\logs\20260321_100926
2026-03-21 10:09:26 | INFO     | [paths] app_root = D:\Usuarios\cdlondono\Downloads\04. Proyectos\PYTHON\Extension-Materiales
2026-03-21 10:09:26 | INFO     | [paths] app_root = D:\Usuarios\cdlondono\Downloads\04. Proyectos\PYTHON\Extension-Materiales
2026-03-21 10:09:26 | INFO     | Plantilla esperada en: D:\Usuarios\cdlondono\Downloads\04. Proyectos\PYTHON\Extension-Materiales\data\templates\Plantilla Extension Materiales.xlsx
2026-03-21 10:09:26 | INFO     | tmp.xlsx esperado en: D:\Usuarios\cdlondono\Downloads\04. Proyectos\PYTHON\Extension-Materiales\data\tmp\tmp.xlsx
2026-03-21 10:09:26 | INFO     | [paths] app_root = D:\Usuarios\cdlondono\Downloads\04. Proyectos\PYTHON\Extension-Materiales
2026-03-21 10:09:29 | INFO     | Datos copiados al portapapeles desde la plantilla.
2026-03-21 10:09:29 | INFO     | [paths] app_root = D:\Usuarios\cdlondono\Downloads\04. Proyectos\PYTHON\Extension-Materiales
2026-03-21 10:09:39 | INFO     | Archivo tmp.xlsx generado desde SAP.
2026-03-21 10:09:39 | INFO     | generate_txt(cfg, exec_folder) no soportado; usando generate_txt(cfg) y moviendo archivo...
2026-03-21 10:09:39 | INFO     | [paths] app_root = D:\Usuarios\cdlondono\Downloads\04. Proyectos\PYTHON\Extension-Materiales
2026-03-21 10:09:39 | INFO     | [paths] app_root = D:\Usuarios\cdlondono\Downloads\04. Proyectos\PYTHON\Extension-Materiales
2026-03-21 10:09:39 | INFO     | [paths] app_root = D:\Usuarios\cdlondono\Downloads\04. Proyectos\PYTHON\Extension-Materiales
2026-03-21 10:09:41 | INFO     | [paths] app_root = D:\Usuarios\cdlondono\Downloads\04. Proyectos\PYTHON\Extension-Materiales
2026-03-21 10:09:41 | INFO     | Archivo TXT generado (sin exec_folder) en: D:\Usuarios\cdlondono\Downloads\04. Proyectos\PYTHON\Extension-Materiales\logs\archivo_cargue.txt
2026-03-21 10:09:41 | INFO     | Instancias de Excel cerradas.
2026-03-21 10:09:41 | INFO     | [paths] app_root = D:\Usuarios\cdlondono\Downloads\04. Proyectos\PYTHON\Extension-Materiales
2026-03-21 10:09:45 | INFO     | Archivo TXT cargado en SAP.
2026-03-21 10:09:45 | INFO     | TXT movido a carpeta de ejecución: D:\Usuarios\cdlondono\Downloads\04. Proyectos\PYTHON\Extension-Materiales\logs\20260321_100926\archivo_cargue.txt
2026-03-21 10:09:45 | INFO     | [paths] app_root = D:\Usuarios\cdlondono\Downloads\04. Proyectos\PYTHON\Extension-Materiales
2026-03-21 10:09:45 | INFO     | Log de no encontrados movido a: D:\Usuarios\cdlondono\Downloads\04. Proyectos\PYTHON\Extension-Materiales\logs\20260321_100926\log_materiales_no_encontrados.csv
2026-03-21 10:09:45 | INFO     | [paths] app_root = D:\Usuarios\cdlondono\Downloads\04. Proyectos\PYTHON\Extension-Materiales
2026-03-21 10:09:45 | INFO     | [paths] app_root = D:\Usuarios\cdlondono\Downloads\04. Proyectos\PYTHON\Extension-Materiales
2026-03-21 10:09:45 | INFO     | [paths] app_root = D:\Usuarios\cdlondono\Downloads\04. Proyectos\PYTHON\Extension-Materiales
2026-03-21 10:09:45 | INFO     | Log de no encontrados movido a: D:\Usuarios\cdlondono\Downloads\04. Proyectos\PYTHON\Extension-Materiales\logs\20260321_100926\LOG_MAT.TXT
2026-03-21 10:09:45 | INFO     | [paths] app_root = D:\Usuarios\cdlondono\Downloads\04. Proyectos\PYTHON\Extension-Materiales
2026-03-21 10:09:45 | INFO     | [paths] app_root = D:\Usuarios\cdlondono\Downloads\04. Proyectos\PYTHON\Extension-Materiales
2026-03-21 10:09:45 | INFO     | Archivos temporales eliminados.
2026-03-21 10:09:45 | INFO     | [paths] app_root = D:\Usuarios\cdlondono\Downloads\04. Proyectos\PYTHON\Extension-Materiales
2026-03-21 10:09:45 | INFO     | Log principal copiado a carpeta de ejecución: D:\Usuarios\cdlondono\Downloads\04. Proyectos\PYTHON\Extension-Materiales\logs\20260321_100926\app.log
2026-03-21 10:09:45 | INFO     | [paths] app_root = D:\Usuarios\cdlondono\Downloads\04. Proyectos\PYTHON\Extension-Materiales
2026-03-21 10:09:45 | INFO     | Plantilla abierta: D:\Usuarios\cdlondono\Downloads\04. Proyectos\PYTHON\Extension-Materiales\data\templates\Plantilla Extension Materiales.xlsx
2026-03-21 10:09:45 | INFO     | Proceso finalizado correctamente.
2026-03-21 10:14:30 | INFO     | [paths] app_root = D:\Usuarios\cdlondono\Downloads\04. Proyectos\PYTHON\Extension-Materiales
2026-03-21 10:14:30 | INFO     | Carpeta de ejecución: D:\Usuarios\cdlondono\Downloads\04. Proyectos\PYTHON\Extension-Materiales\logs\20260321_101430
2026-03-21 10:14:30 | INFO     | [paths] app_root = D:\Usuarios\cdlondono\Downloads\04. Proyectos\PYTHON\Extension-Materiales
2026-03-21 10:14:30 | INFO     | [paths] app_root = D:\Usuarios\cdlondono\Downloads\04. Proyectos\PYTHON\Extension-Materiales
2026-03-21 10:14:30 | INFO     | Plantilla esperada en: D:\Usuarios\cdlondono\Downloads\04. Proyectos\PYTHON\Extension-Materiales\data\templates\Plantilla Extension Materiales.xlsx
2026-03-21 10:14:30 | INFO     | tmp.xlsx esperado en: D:\Usuarios\cdlondono\Downloads\04. Proyectos\PYTHON\Extension-Materiales\data\tmp\tmp.xlsx
2026-03-21 10:14:30 | INFO     | [paths] app_root = D:\Usuarios\cdlondono\Downloads\04. Proyectos\PYTHON\Extension-Materiales
2026-03-21 10:14:32 | INFO     | Datos copiados al portapapeles desde la plantilla.
2026-03-21 10:14:32 | INFO     | [paths] app_root = D:\Usuarios\cdlondono\Downloads\04. Proyectos\PYTHON\Extension-Materiales
2026-03-21 10:14:41 | INFO     | Archivo tmp.xlsx generado desde SAP.
2026-03-21 10:14:41 | INFO     | generate_txt(cfg, exec_folder) no soportado; usando generate_txt(cfg) y moviendo archivo...
2026-03-21 10:14:41 | INFO     | [paths] app_root = D:\Usuarios\cdlondono\Downloads\04. Proyectos\PYTHON\Extension-Materiales
2026-03-21 10:14:41 | INFO     | [paths] app_root = D:\Usuarios\cdlondono\Downloads\04. Proyectos\PYTHON\Extension-Materiales
2026-03-21 10:14:41 | INFO     | [paths] app_root = D:\Usuarios\cdlondono\Downloads\04. Proyectos\PYTHON\Extension-Materiales
2026-03-21 10:14:41 | INFO     | [paths] app_root = D:\Usuarios\cdlondono\Downloads\04. Proyectos\PYTHON\Extension-Materiales
2026-03-21 10:14:41 | INFO     | Archivo TXT generado (sin exec_folder) en: D:\Usuarios\cdlondono\Downloads\04. Proyectos\PYTHON\Extension-Materiales\logs\archivo_cargue.txt
2026-03-21 10:14:41 | INFO     | Instancias de Excel cerradas.
2026-03-21 10:14:41 | INFO     | [paths] app_root = D:\Usuarios\cdlondono\Downloads\04. Proyectos\PYTHON\Extension-Materiales
2026-03-21 10:14:45 | INFO     | Archivo TXT cargado en SAP.
2026-03-21 10:14:45 | INFO     | TXT movido a carpeta de ejecución: D:\Usuarios\cdlondono\Downloads\04. Proyectos\PYTHON\Extension-Materiales\logs\20260321_101430\archivo_cargue.txt
2026-03-21 10:14:45 | INFO     | [paths] app_root = D:\Usuarios\cdlondono\Downloads\04. Proyectos\PYTHON\Extension-Materiales
2026-03-21 10:14:45 | INFO     | Log de no encontrados movido a: D:\Usuarios\cdlondono\Downloads\04. Proyectos\PYTHON\Extension-Materiales\logs\20260321_101430\log_materiales_no_encontrados.csv
2026-03-21 10:14:45 | INFO     | [paths] app_root = D:\Usuarios\cdlondono\Downloads\04. Proyectos\PYTHON\Extension-Materiales
2026-03-21 10:14:45 | INFO     | [paths] app_root = D:\Usuarios\cdlondono\Downloads\04. Proyectos\PYTHON\Extension-Materiales
2026-03-21 10:14:45 | INFO     | [paths] app_root = D:\Usuarios\cdlondono\Downloads\04. Proyectos\PYTHON\Extension-Materiales
2026-03-21 10:14:45 | INFO     | Log de no encontrados movido a: D:\Usuarios\cdlondono\Downloads\04. Proyectos\PYTHON\Extension-Materiales\logs\20260321_101430\LOG_MAT.TXT
2026-03-21 10:14:45 | INFO     | [paths] app_root = D:\Usuarios\cdlondono\Downloads\04. Proyectos\PYTHON\Extension-Materiales
2026-03-21 10:14:45 | INFO     | [paths] app_root = D:\Usuarios\cdlondono\Downloads\04. Proyectos\PYTHON\Extension-Materiales
2026-03-21 10:14:45 | INFO     | Archivos temporales eliminados.
2026-03-21 10:14:45 | INFO     | [paths] app_root = D:\Usuarios\cdlondono\Downloads\04. Proyectos\PYTHON\Extension-Materiales
2026-03-21 10:14:45 | INFO     | Log principal copiado a carpeta de ejecución: D:\Usuarios\cdlondono\Downloads\04. Proyectos\PYTHON\Extension-Materiales\logs\20260321_101430\app.log
2026-03-21 10:14:45 | INFO     | [paths] app_root = D:\Usuarios\cdlondono\Downloads\04. Proyectos\PYTHON\Extension-Materiales
2026-03-21 10:14:45 | INFO     | Plantilla abierta: D:\Usuarios\cdlondono\Downloads\04. Proyectos\PYTHON\Extension-Materiales\data\templates\Plantilla Extension Materiales.xlsx
2026-03-21 10:14:45 | INFO     | Proceso finalizado correctamente.
2026-03-21 10:50:56 | INFO     | [paths] app_root = D:\Usuarios\cdlondono\Downloads\04. Proyectos\PYTHON\Extension-Materiales
2026-03-21 10:50:56 | INFO     | Carpeta de ejecución: D:\Usuarios\cdlondono\Downloads\04. Proyectos\PYTHON\Extension-Materiales\logs\20260321_105056
2026-03-21 10:50:56 | INFO     | [paths] app_root = D:\Usuarios\cdlondono\Downloads\04. Proyectos\PYTHON\Extension-Materiales
2026-03-21 10:50:56 | INFO     | [paths] app_root = D:\Usuarios\cdlondono\Downloads\04. Proyectos\PYTHON\Extension-Materiales
2026-03-21 10:50:56 | INFO     | Plantilla esperada en: D:\Usuarios\cdlondono\Downloads\04. Proyectos\PYTHON\Extension-Materiales\data\templates\Plantilla Extension Materiales.xlsx
2026-03-21 10:50:56 | INFO     | tmp.xlsx esperado en: D:\Usuarios\cdlondono\Downloads\04. Proyectos\PYTHON\Extension-Materiales\data\tmp\tmp.xlsx
2026-03-21 10:50:56 | INFO     | [paths] app_root = D:\Usuarios\cdlondono\Downloads\04. Proyectos\PYTHON\Extension-Materiales
2026-03-21 10:50:58 | INFO     | Datos copiados al portapapeles desde la plantilla.
2026-03-21 10:50:58 | INFO     | [paths] app_root = D:\Usuarios\cdlondono\Downloads\04. Proyectos\PYTHON\Extension-Materiales
2026-03-21 10:51:08 | INFO     | Archivo tmp.xlsx generado desde SAP.
2026-03-21 10:51:08 | INFO     | generate_txt(cfg, exec_folder) no soportado; usando generate_txt(cfg) y moviendo archivo...
2026-03-21 10:51:08 | INFO     | [paths] app_root = D:\Usuarios\cdlondono\Downloads\04. Proyectos\PYTHON\Extension-Materiales
2026-03-21 10:51:08 | INFO     | [paths] app_root = D:\Usuarios\cdlondono\Downloads\04. Proyectos\PYTHON\Extension-Materiales
2026-03-21 10:51:08 | INFO     | [paths] app_root = D:\Usuarios\cdlondono\Downloads\04. Proyectos\PYTHON\Extension-Materiales
2026-03-21 10:51:10 | INFO     | [paths] app_root = D:\Usuarios\cdlondono\Downloads\04. Proyectos\PYTHON\Extension-Materiales
2026-03-21 10:51:10 | INFO     | Archivo TXT generado (sin exec_folder) en: D:\Usuarios\cdlondono\Downloads\04. Proyectos\PYTHON\Extension-Materiales\logs\archivo_cargue.txt
2026-03-21 10:51:10 | INFO     | Instancias de Excel cerradas.
2026-03-21 10:51:10 | INFO     | [paths] app_root = D:\Usuarios\cdlondono\Downloads\04. Proyectos\PYTHON\Extension-Materiales
2026-03-21 10:51:14 | INFO     | Archivo TXT cargado en SAP.
2026-03-21 10:51:14 | INFO     | TXT movido a carpeta de ejecución: D:\Usuarios\cdlondono\Downloads\04. Proyectos\PYTHON\Extension-Materiales\logs\20260321_105056\archivo_cargue.txt
2026-03-21 10:51:14 | INFO     | [paths] app_root = D:\Usuarios\cdlondono\Downloads\04. Proyectos\PYTHON\Extension-Materiales
2026-03-21 10:51:14 | INFO     | Log de no encontrados movido a: D:\Usuarios\cdlondono\Downloads\04. Proyectos\PYTHON\Extension-Materiales\logs\20260321_105056\log_materiales_no_encontrados.csv
2026-03-21 10:51:14 | INFO     | [paths] app_root = D:\Usuarios\cdlondono\Downloads\04. Proyectos\PYTHON\Extension-Materiales
2026-03-21 10:51:14 | INFO     | [paths] app_root = D:\Usuarios\cdlondono\Downloads\04. Proyectos\PYTHON\Extension-Materiales
2026-03-21 10:51:14 | INFO     | [paths] app_root = D:\Usuarios\cdlondono\Downloads\04. Proyectos\PYTHON\Extension-Materiales
2026-03-21 10:51:14 | INFO     | Log de no encontrados movido a: D:\Usuarios\cdlondono\Downloads\04. Proyectos\PYTHON\Extension-Materiales\logs\20260321_105056\LOG_MAT.TXT
2026-03-21 10:51:14 | INFO     | [paths] app_root = D:\Usuarios\cdlondono\Downloads\04. Proyectos\PYTHON\Extension-Materiales
2026-03-21 10:51:14 | INFO     | [paths] app_root = D:\Usuarios\cdlondono\Downloads\04. Proyectos\PYTHON\Extension-Materiales
2026-03-21 10:51:14 | INFO     | Archivos temporales eliminados.
2026-03-21 10:51:14 | INFO     | [paths] app_root = D:\Usuarios\cdlondono\Downloads\04. Proyectos\PYTHON\Extension-Materiales
2026-03-21 10:51:14 | INFO     | Log principal copiado a carpeta de ejecución: D:\Usuarios\cdlondono\Downloads\04. Proyectos\PYTHON\Extension-Materiales\logs\20260321_105056\app.log
2026-03-21 10:51:14 | INFO     | [paths] app_root = D:\Usuarios\cdlondono\Downloads\04. Proyectos\PYTHON\Extension-Materiales
2026-03-21 10:51:14 | INFO     | Plantilla abierta: D:\Usuarios\cdlondono\Downloads\04. Proyectos\PYTHON\Extension-Materiales\data\templates\Plantilla Extension Materiales.xlsx
2026-03-21 10:51:14 | INFO     | Proceso finalizado correctamente.
2026-03-21 11:05:26 | INFO     | [paths] app_root = D:\Usuarios\cdlondono\Downloads\04. Proyectos\PYTHON\Extension-Materiales
2026-03-21 11:05:26 | INFO     | Carpeta de ejecución: D:\Usuarios\cdlondono\Downloads\04. Proyectos\PYTHON\Extension-Materiales\logs\20260321_110526
2026-03-21 11:05:26 | INFO     | [paths] app_root = D:\Usuarios\cdlondono\Downloads\04. Proyectos\PYTHON\Extension-Materiales
2026-03-21 11:05:26 | INFO     | [paths] app_root = D:\Usuarios\cdlondono\Downloads\04. Proyectos\PYTHON\Extension-Materiales
2026-03-21 11:05:26 | INFO     | Plantilla esperada en: D:\Usuarios\cdlondono\Downloads\04. Proyectos\PYTHON\Extension-Materiales\data\templates\Plantilla Extension Materiales.xlsx
2026-03-21 11:05:26 | INFO     | tmp.xlsx esperado en: D:\Usuarios\cdlondono\Downloads\04. Proyectos\PYTHON\Extension-Materiales\data\tmp\tmp.xlsx
2026-03-21 11:05:26 | INFO     | [paths] app_root = D:\Usuarios\cdlondono\Downloads\04. Proyectos\PYTHON\Extension-Materiales
2026-03-21 11:05:31 | INFO     | Datos copiados al portapapeles desde la plantilla.
2026-03-21 11:05:31 | INFO     | [paths] app_root = D:\Usuarios\cdlondono\Downloads\04. Proyectos\PYTHON\Extension-Materiales
2026-03-21 11:05:49 | INFO     | Archivo tmp.xlsx generado desde SAP.
2026-03-21 11:05:49 | INFO     | generate_txt(cfg, exec_folder) no soportado; usando generate_txt(cfg) y moviendo archivo...
2026-03-21 11:05:49 | INFO     | [paths] app_root = D:\Usuarios\cdlondono\Downloads\04. Proyectos\PYTHON\Extension-Materiales
2026-03-21 11:05:49 | INFO     | [paths] app_root = D:\Usuarios\cdlondono\Downloads\04. Proyectos\PYTHON\Extension-Materiales
2026-03-21 11:05:49 | INFO     | [paths] app_root = D:\Usuarios\cdlondono\Downloads\04. Proyectos\PYTHON\Extension-Materiales
2026-03-21 11:05:51 | INFO     | [paths] app_root = D:\Usuarios\cdlondono\Downloads\04. Proyectos\PYTHON\Extension-Materiales
2026-03-21 11:05:51 | ERROR    | Error general: 'Centro'
Traceback (most recent call last):
  File "d:\Usuarios\cdlondono\Downloads\04. Proyectos\PYTHON\Extension-Materiales\src\app\main.py", line 85, in run_pipeline
    txt_path_str = generate_txt(cfg, exec_folder)  # type: ignore[arg-type]
                   ^^^^^^^^^^^^^^^^^^^^^^^^^^^^^^
TypeError: generate_txt() takes 1 positional argument but 2 were given

During handling of the above exception, another exception occurred:

Traceback (most recent call last):
  File "D:\Usuarios\cdlondono\Downloads\04. Proyectos\PYTHON\Extension-Materiales\venv\Lib\site-packages\pandas\core\indexes\base.py", line 3812, in get_loc
    return self._engine.get_loc(casted_key)
           ^^^^^^^^^^^^^^^^^^^^^^^^^^^^^^^^
  File "pandas/_libs/index.pyx", line 167, in pandas._libs.index.IndexEngine.get_loc
  File "pandas/_libs/index.pyx", line 196, in pandas._libs.index.IndexEngine.get_loc
  File "pandas/_libs/hashtable_class_helper.pxi", line 7088, in pandas._libs.hashtable.PyObjectHashTable.get_item
  File "pandas/_libs/hashtable_class_helper.pxi", line 7096, in pandas._libs.hashtable.PyObjectHashTable.get_item
KeyError: 'Centro'

The above exception was the direct cause of the following exception:

Traceback (most recent call last):
  File "d:\Usuarios\cdlondono\Downloads\04. Proyectos\PYTHON\Extension-Materiales\src\app\main.py", line 90, in run_pipeline
    txt_path_str = generate_txt(cfg)  # type: ignore[call-arg]
                   ^^^^^^^^^^^^^^^^^
  File "d:\Usuarios\cdlondono\Downloads\04. Proyectos\PYTHON\Extension-Materiales\src\app\io\txt_writer.py", line 110, in generate_txt
    df_final_txt["Centro"] = df_final_txt["Centro"]
                             ~~~~~~~~~~~~^^^^^^^^^^
  File "D:\Usuarios\cdlondono\Downloads\04. Proyectos\PYTHON\Extension-Materiales\venv\Lib\site-packages\pandas\core\frame.py", line 4113, in __getitem__
    indexer = self.columns.get_loc(key)
              ^^^^^^^^^^^^^^^^^^^^^^^^^
  File "D:\Usuarios\cdlondono\Downloads\04. Proyectos\PYTHON\Extension-Materiales\venv\Lib\site-packages\pandas\core\indexes\base.py", line 3819, in get_loc
    raise KeyError(key) from err
KeyError: 'Centro'
2026-03-21 11:06:52 | INFO     | [paths] app_root = D:\Usuarios\cdlondono\Downloads\04. Proyectos\PYTHON\Extension-Materiales
2026-03-21 11:06:52 | INFO     | Carpeta de ejecución: D:\Usuarios\cdlondono\Downloads\04. Proyectos\PYTHON\Extension-Materiales\logs\20260321_110652
2026-03-21 11:06:52 | INFO     | [paths] app_root = D:\Usuarios\cdlondono\Downloads\04. Proyectos\PYTHON\Extension-Materiales
2026-03-21 11:06:52 | INFO     | [paths] app_root = D:\Usuarios\cdlondono\Downloads\04. Proyectos\PYTHON\Extension-Materiales
2026-03-21 11:06:52 | INFO     | Plantilla esperada en: D:\Usuarios\cdlondono\Downloads\04. Proyectos\PYTHON\Extension-Materiales\data\templates\Plantilla Extension Materiales.xlsx
2026-03-21 11:06:52 | INFO     | tmp.xlsx esperado en: D:\Usuarios\cdlondono\Downloads\04. Proyectos\PYTHON\Extension-Materiales\data\tmp\tmp.xlsx
2026-03-21 11:06:52 | INFO     | [paths] app_root = D:\Usuarios\cdlondono\Downloads\04. Proyectos\PYTHON\Extension-Materiales
2026-03-21 11:06:57 | INFO     | Datos copiados al portapapeles desde la plantilla.
2026-03-21 11:06:57 | INFO     | [paths] app_root = D:\Usuarios\cdlondono\Downloads\04. Proyectos\PYTHON\Extension-Materiales
2026-03-21 11:07:14 | INFO     | Archivo tmp.xlsx generado desde SAP.
2026-03-21 11:07:14 | INFO     | generate_txt(cfg, exec_folder) no soportado; usando generate_txt(cfg) y moviendo archivo...
2026-03-21 11:07:14 | INFO     | [paths] app_root = D:\Usuarios\cdlondono\Downloads\04. Proyectos\PYTHON\Extension-Materiales
2026-03-21 11:07:14 | INFO     | [paths] app_root = D:\Usuarios\cdlondono\Downloads\04. Proyectos\PYTHON\Extension-Materiales
2026-03-21 11:07:14 | INFO     | [paths] app_root = D:\Usuarios\cdlondono\Downloads\04. Proyectos\PYTHON\Extension-Materiales
2026-03-21 11:07:17 | INFO     | [paths] app_root = D:\Usuarios\cdlondono\Downloads\04. Proyectos\PYTHON\Extension-Materiales
2026-03-21 11:07:17 | ERROR    | Error general: 'Centro'
Traceback (most recent call last):
  File "d:\Usuarios\cdlondono\Downloads\04. Proyectos\PYTHON\Extension-Materiales\src\app\main.py", line 85, in run_pipeline
    txt_path_str = generate_txt(cfg, exec_folder)  # type: ignore[arg-type]
                   ^^^^^^^^^^^^^^^^^^^^^^^^^^^^^^
TypeError: generate_txt() takes 1 positional argument but 2 were given

During handling of the above exception, another exception occurred:

Traceback (most recent call last):
  File "D:\Usuarios\cdlondono\Downloads\04. Proyectos\PYTHON\Extension-Materiales\venv\Lib\site-packages\pandas\core\indexes\base.py", line 3812, in get_loc
    return self._engine.get_loc(casted_key)
           ^^^^^^^^^^^^^^^^^^^^^^^^^^^^^^^^
  File "pandas/_libs/index.pyx", line 167, in pandas._libs.index.IndexEngine.get_loc
  File "pandas/_libs/index.pyx", line 196, in pandas._libs.index.IndexEngine.get_loc
  File "pandas/_libs/hashtable_class_helper.pxi", line 7088, in pandas._libs.hashtable.PyObjectHashTable.get_item
  File "pandas/_libs/hashtable_class_helper.pxi", line 7096, in pandas._libs.hashtable.PyObjectHashTable.get_item
KeyError: 'Centro'

The above exception was the direct cause of the following exception:

Traceback (most recent call last):
  File "d:\Usuarios\cdlondono\Downloads\04. Proyectos\PYTHON\Extension-Materiales\src\app\main.py", line 90, in run_pipeline
    txt_path_str = generate_txt(cfg)  # type: ignore[call-arg]
                   ^^^^^^^^^^^^^^^^^
  File "d:\Usuarios\cdlondono\Downloads\04. Proyectos\PYTHON\Extension-Materiales\src\app\io\txt_writer.py", line 110, in generate_txt
    df_final_txt["Centro"] = df_final_txt["Centro"]
                             ~~~~~~~~~~~~^^^^^^^^^^
  File "D:\Usuarios\cdlondono\Downloads\04. Proyectos\PYTHON\Extension-Materiales\venv\Lib\site-packages\pandas\core\frame.py", line 4113, in __getitem__
    indexer = self.columns.get_loc(key)
              ^^^^^^^^^^^^^^^^^^^^^^^^^
  File "D:\Usuarios\cdlondono\Downloads\04. Proyectos\PYTHON\Extension-Materiales\venv\Lib\site-packages\pandas\core\indexes\base.py", line 3819, in get_loc
    raise KeyError(key) from err
KeyError: 'Centro'
2026-03-21 11:12:19 | INFO     | [paths] app_root = D:\Usuarios\cdlondono\Downloads\04. Proyectos\PYTHON\Extension-Materiales
2026-03-21 11:12:19 | INFO     | Carpeta de ejecución: D:\Usuarios\cdlondono\Downloads\04. Proyectos\PYTHON\Extension-Materiales\logs\20260321_111219
2026-03-21 11:12:19 | INFO     | [paths] app_root = D:\Usuarios\cdlondono\Downloads\04. Proyectos\PYTHON\Extension-Materiales
2026-03-21 11:12:19 | INFO     | [paths] app_root = D:\Usuarios\cdlondono\Downloads\04. Proyectos\PYTHON\Extension-Materiales
2026-03-21 11:12:19 | INFO     | Plantilla esperada en: D:\Usuarios\cdlondono\Downloads\04. Proyectos\PYTHON\Extension-Materiales\data\templates\Plantilla Extension Materiales.xlsx
2026-03-21 11:12:19 | INFO     | tmp.xlsx esperado en: D:\Usuarios\cdlondono\Downloads\04. Proyectos\PYTHON\Extension-Materiales\data\tmp\tmp.xlsx
2026-03-21 11:12:19 | INFO     | [paths] app_root = D:\Usuarios\cdlondono\Downloads\04. Proyectos\PYTHON\Extension-Materiales
2026-03-21 11:12:23 | INFO     | Datos copiados al portapapeles desde la plantilla.
2026-03-21 11:12:23 | INFO     | [paths] app_root = D:\Usuarios\cdlondono\Downloads\04. Proyectos\PYTHON\Extension-Materiales
2026-03-21 11:12:44 | INFO     | Archivo tmp.xlsx generado desde SAP.
2026-03-21 11:12:44 | INFO     | generate_txt(cfg, exec_folder) no soportado; usando generate_txt(cfg) y moviendo archivo...
2026-03-21 11:12:44 | INFO     | [paths] app_root = D:\Usuarios\cdlondono\Downloads\04. Proyectos\PYTHON\Extension-Materiales
2026-03-21 11:12:44 | INFO     | [paths] app_root = D:\Usuarios\cdlondono\Downloads\04. Proyectos\PYTHON\Extension-Materiales
2026-03-21 11:12:44 | INFO     | [paths] app_root = D:\Usuarios\cdlondono\Downloads\04. Proyectos\PYTHON\Extension-Materiales
2026-03-21 11:12:46 | INFO     | [paths] app_root = D:\Usuarios\cdlondono\Downloads\04. Proyectos\PYTHON\Extension-Materiales
2026-03-21 11:12:46 | INFO     | Archivo TXT generado (sin exec_folder) en: D:\Usuarios\cdlondono\Downloads\04. Proyectos\PYTHON\Extension-Materiales\logs\archivo_cargue.txt
2026-03-21 11:12:46 | INFO     | Instancias de Excel cerradas.
2026-03-21 11:12:46 | INFO     | [paths] app_root = D:\Usuarios\cdlondono\Downloads\04. Proyectos\PYTHON\Extension-Materiales
2026-03-21 11:13:02 | INFO     | Archivo TXT cargado en SAP.
2026-03-21 11:13:02 | INFO     | TXT movido a carpeta de ejecución: D:\Usuarios\cdlondono\Downloads\04. Proyectos\PYTHON\Extension-Materiales\logs\20260321_111219\archivo_cargue.txt
2026-03-21 11:13:02 | INFO     | [paths] app_root = D:\Usuarios\cdlondono\Downloads\04. Proyectos\PYTHON\Extension-Materiales
2026-03-21 11:13:02 | INFO     | Log de no encontrados movido a: D:\Usuarios\cdlondono\Downloads\04. Proyectos\PYTHON\Extension-Materiales\logs\20260321_111219\log_materiales_no_encontrados.csv
2026-03-21 11:13:02 | INFO     | [paths] app_root = D:\Usuarios\cdlondono\Downloads\04. Proyectos\PYTHON\Extension-Materiales
2026-03-21 11:13:02 | INFO     | [paths] app_root = D:\Usuarios\cdlondono\Downloads\04. Proyectos\PYTHON\Extension-Materiales
2026-03-21 11:13:02 | INFO     | [paths] app_root = D:\Usuarios\cdlondono\Downloads\04. Proyectos\PYTHON\Extension-Materiales
2026-03-21 11:13:02 | INFO     | Log de no encontrados movido a: D:\Usuarios\cdlondono\Downloads\04. Proyectos\PYTHON\Extension-Materiales\logs\20260321_111219\LOG_MAT.TXT
2026-03-21 11:13:02 | INFO     | [paths] app_root = D:\Usuarios\cdlondono\Downloads\04. Proyectos\PYTHON\Extension-Materiales
2026-03-21 11:13:02 | INFO     | [paths] app_root = D:\Usuarios\cdlondono\Downloads\04. Proyectos\PYTHON\Extension-Materiales
2026-03-21 11:13:02 | ERROR    | Error general: [WinError 32] El proceso no tiene acceso al archivo porque está siendo utilizado por otro proceso: 'D:\\Usuarios\\cdlondono\\Downloads\\04. Proyectos\\PYTHON\\Extension-Materiales\\data\\tmp\\tmp.XLSX'
Traceback (most recent call last):
  File "d:\Usuarios\cdlondono\Downloads\04. Proyectos\PYTHON\Extension-Materiales\src\app\main.py", line 141, in run_pipeline
    cleanup_tmp()
  File "d:\Usuarios\cdlondono\Downloads\04. Proyectos\PYTHON\Extension-Materiales\src\app\tasks\cleanup.py", line 8, in cleanup_tmp
    shutil.rmtree(tmp_dir)
  File "C:\Program Files\WindowsApps\PythonSoftwareFoundation.Python.3.11_3.11.2544.0_x64__qbz5n2kfra8p0\Lib\shutil.py", line 787, in rmtree
    return _rmtree_unsafe(path, onerror)
           ^^^^^^^^^^^^^^^^^^^^^^^^^^^^^
  File "C:\Program Files\WindowsApps\PythonSoftwareFoundation.Python.3.11_3.11.2544.0_x64__qbz5n2kfra8p0\Lib\shutil.py", line 634, in _rmtree_unsafe
    onerror(os.unlink, fullname, sys.exc_info())
  File "C:\Program Files\WindowsApps\PythonSoftwareFoundation.Python.3.11_3.11.2544.0_x64__qbz5n2kfra8p0\Lib\shutil.py", line 632, in _rmtree_unsafe
    os.unlink(fullname)
PermissionError: [WinError 32] El proceso no tiene acceso al archivo porque está siendo utilizado por otro proceso: 'D:\\Usuarios\\cdlondono\\Downloads\\04. Proyectos\\PYTHON\\Extension-Materiales\\data\\tmp\\tmp.XLSX'
2026-03-21 11:13:29 | INFO     | [paths] app_root = D:\Usuarios\cdlondono\Downloads\04. Proyectos\PYTHON\Extension-Materiales
2026-03-21 11:13:29 | INFO     | Carpeta de ejecución: D:\Usuarios\cdlondono\Downloads\04. Proyectos\PYTHON\Extension-Materiales\logs\20260321_111329
2026-03-21 11:13:29 | INFO     | [paths] app_root = D:\Usuarios\cdlondono\Downloads\04. Proyectos\PYTHON\Extension-Materiales
2026-03-21 11:13:29 | INFO     | [paths] app_root = D:\Usuarios\cdlondono\Downloads\04. Proyectos\PYTHON\Extension-Materiales
2026-03-21 11:13:29 | INFO     | Plantilla esperada en: D:\Usuarios\cdlondono\Downloads\04. Proyectos\PYTHON\Extension-Materiales\data\templates\Plantilla Extension Materiales.xlsx
2026-03-21 11:13:29 | INFO     | tmp.xlsx esperado en: D:\Usuarios\cdlondono\Downloads\04. Proyectos\PYTHON\Extension-Materiales\data\tmp\tmp.xlsx
2026-03-21 11:13:29 | INFO     | [paths] app_root = D:\Usuarios\cdlondono\Downloads\04. Proyectos\PYTHON\Extension-Materiales
2026-03-21 11:13:34 | INFO     | Datos copiados al portapapeles desde la plantilla.
2026-03-21 11:13:34 | INFO     | [paths] app_root = D:\Usuarios\cdlondono\Downloads\04. Proyectos\PYTHON\Extension-Materiales
2026-03-21 11:13:51 | INFO     | Archivo tmp.xlsx generado desde SAP.
2026-03-21 11:13:51 | INFO     | generate_txt(cfg, exec_folder) no soportado; usando generate_txt(cfg) y moviendo archivo...
2026-03-21 11:13:51 | INFO     | [paths] app_root = D:\Usuarios\cdlondono\Downloads\04. Proyectos\PYTHON\Extension-Materiales
2026-03-21 11:13:51 | INFO     | [paths] app_root = D:\Usuarios\cdlondono\Downloads\04. Proyectos\PYTHON\Extension-Materiales
2026-03-21 11:13:51 | INFO     | [paths] app_root = D:\Usuarios\cdlondono\Downloads\04. Proyectos\PYTHON\Extension-Materiales
2026-03-21 11:13:53 | INFO     | [paths] app_root = D:\Usuarios\cdlondono\Downloads\04. Proyectos\PYTHON\Extension-Materiales
2026-03-21 11:13:53 | INFO     | Archivo TXT generado (sin exec_folder) en: D:\Usuarios\cdlondono\Downloads\04. Proyectos\PYTHON\Extension-Materiales\logs\archivo_cargue.txt
2026-03-21 11:13:53 | INFO     | Instancias de Excel cerradas.
2026-03-21 11:13:53 | INFO     | [paths] app_root = D:\Usuarios\cdlondono\Downloads\04. Proyectos\PYTHON\Extension-Materiales
2026-03-21 11:14:05 | INFO     | Archivo TXT cargado en SAP.
2026-03-21 11:14:05 | INFO     | TXT movido a carpeta de ejecución: D:\Usuarios\cdlondono\Downloads\04. Proyectos\PYTHON\Extension-Materiales\logs\20260321_111329\archivo_cargue.txt
2026-03-21 11:14:05 | INFO     | [paths] app_root = D:\Usuarios\cdlondono\Downloads\04. Proyectos\PYTHON\Extension-Materiales
2026-03-21 11:14:05 | INFO     | Log de no encontrados movido a: D:\Usuarios\cdlondono\Downloads\04. Proyectos\PYTHON\Extension-Materiales\logs\20260321_111329\log_materiales_no_encontrados.csv
2026-03-21 11:14:05 | INFO     | [paths] app_root = D:\Usuarios\cdlondono\Downloads\04. Proyectos\PYTHON\Extension-Materiales
2026-03-21 11:14:05 | INFO     | [paths] app_root = D:\Usuarios\cdlondono\Downloads\04. Proyectos\PYTHON\Extension-Materiales
2026-03-21 11:14:05 | INFO     | [paths] app_root = D:\Usuarios\cdlondono\Downloads\04. Proyectos\PYTHON\Extension-Materiales
2026-03-21 11:14:05 | INFO     | Log de no encontrados movido a: D:\Usuarios\cdlondono\Downloads\04. Proyectos\PYTHON\Extension-Materiales\logs\20260321_111329\LOG_MAT.TXT
2026-03-21 11:14:05 | INFO     | [paths] app_root = D:\Usuarios\cdlondono\Downloads\04. Proyectos\PYTHON\Extension-Materiales
2026-03-21 11:14:05 | INFO     | [paths] app_root = D:\Usuarios\cdlondono\Downloads\04. Proyectos\PYTHON\Extension-Materiales
2026-03-21 11:14:05 | INFO     | Archivos temporales eliminados.
2026-03-21 11:14:05 | INFO     | [paths] app_root = D:\Usuarios\cdlondono\Downloads\04. Proyectos\PYTHON\Extension-Materiales
2026-03-21 11:14:05 | INFO     | Log principal copiado a carpeta de ejecución: D:\Usuarios\cdlondono\Downloads\04. Proyectos\PYTHON\Extension-Materiales\logs\20260321_111329\app.log
2026-03-21 11:14:05 | INFO     | [paths] app_root = D:\Usuarios\cdlondono\Downloads\04. Proyectos\PYTHON\Extension-Materiales
2026-03-21 11:14:05 | INFO     | Plantilla abierta: D:\Usuarios\cdlondono\Downloads\04. Proyectos\PYTHON\Extension-Materiales\data\templates\Plantilla Extension Materiales.xlsx
2026-03-21 11:14:05 | INFO     | Proceso finalizado correctamente.
2026-03-21 11:21:52 | INFO     | [paths] app_root = D:\Usuarios\cdlondono\Downloads\04. Proyectos\PYTHON\Extension-Materiales
2026-03-21 11:21:52 | INFO     | Carpeta de ejecución: D:\Usuarios\cdlondono\Downloads\04. Proyectos\PYTHON\Extension-Materiales\logs\20260321_112152
2026-03-21 11:21:52 | INFO     | [paths] app_root = D:\Usuarios\cdlondono\Downloads\04. Proyectos\PYTHON\Extension-Materiales
2026-03-21 11:21:52 | INFO     | [paths] app_root = D:\Usuarios\cdlondono\Downloads\04. Proyectos\PYTHON\Extension-Materiales
2026-03-21 11:21:52 | INFO     | Plantilla esperada en: D:\Usuarios\cdlondono\Downloads\04. Proyectos\PYTHON\Extension-Materiales\data\templates\Plantilla Extension Materiales.xlsx
2026-03-21 11:21:52 | INFO     | tmp.xlsx esperado en: D:\Usuarios\cdlondono\Downloads\04. Proyectos\PYTHON\Extension-Materiales\data\tmp\tmp.xlsx
2026-03-21 11:21:52 | INFO     | [paths] app_root = D:\Usuarios\cdlondono\Downloads\04. Proyectos\PYTHON\Extension-Materiales
2026-03-21 11:21:58 | INFO     | Datos copiados al portapapeles desde la plantilla.
2026-03-21 11:21:58 | INFO     | [paths] app_root = D:\Usuarios\cdlondono\Downloads\04. Proyectos\PYTHON\Extension-Materiales
2026-03-21 11:22:12 | INFO     | Archivo tmp.xlsx generado desde SAP.
2026-03-21 11:22:12 | INFO     | generate_txt(cfg, exec_folder) no soportado; usando generate_txt(cfg) y moviendo archivo...
2026-03-21 11:22:12 | INFO     | [paths] app_root = D:\Usuarios\cdlondono\Downloads\04. Proyectos\PYTHON\Extension-Materiales
2026-03-21 11:22:12 | INFO     | [paths] app_root = D:\Usuarios\cdlondono\Downloads\04. Proyectos\PYTHON\Extension-Materiales
2026-03-21 11:22:12 | INFO     | [paths] app_root = D:\Usuarios\cdlondono\Downloads\04. Proyectos\PYTHON\Extension-Materiales
2026-03-21 11:22:14 | INFO     | [paths] app_root = D:\Usuarios\cdlondono\Downloads\04. Proyectos\PYTHON\Extension-Materiales
2026-03-21 11:22:14 | INFO     | Archivo TXT generado (sin exec_folder) en: D:\Usuarios\cdlondono\Downloads\04. Proyectos\PYTHON\Extension-Materiales\logs\archivo_cargue.txt
2026-03-21 11:22:14 | INFO     | Instancias de Excel cerradas.
2026-03-21 11:22:14 | INFO     | [paths] app_root = D:\Usuarios\cdlondono\Downloads\04. Proyectos\PYTHON\Extension-Materiales
2026-03-21 11:22:26 | INFO     | Archivo TXT cargado en SAP.
2026-03-21 11:22:26 | INFO     | TXT movido a carpeta de ejecución: D:\Usuarios\cdlondono\Downloads\04. Proyectos\PYTHON\Extension-Materiales\logs\20260321_112152\archivo_cargue.txt
2026-03-21 11:22:26 | INFO     | [paths] app_root = D:\Usuarios\cdlondono\Downloads\04. Proyectos\PYTHON\Extension-Materiales
2026-03-21 11:22:26 | INFO     | Log de no encontrados movido a: D:\Usuarios\cdlondono\Downloads\04. Proyectos\PYTHON\Extension-Materiales\logs\20260321_112152\log_materiales_no_encontrados.csv
2026-03-21 11:22:26 | INFO     | [paths] app_root = D:\Usuarios\cdlondono\Downloads\04. Proyectos\PYTHON\Extension-Materiales
2026-03-21 11:22:26 | INFO     | Log de no encontrados movido a: D:\Usuarios\cdlondono\Downloads\04. Proyectos\PYTHON\Extension-Materiales\logs\20260321_112152\LOG_BAPI.TXT
2026-03-21 11:22:26 | INFO     | [paths] app_root = D:\Usuarios\cdlondono\Downloads\04. Proyectos\PYTHON\Extension-Materiales
2026-03-21 11:22:26 | INFO     | Log de no encontrados movido a: D:\Usuarios\cdlondono\Downloads\04. Proyectos\PYTHON\Extension-Materiales\logs\20260321_112152\LOG_CLASE.TXT
2026-03-21 11:22:26 | INFO     | [paths] app_root = D:\Usuarios\cdlondono\Downloads\04. Proyectos\PYTHON\Extension-Materiales
2026-03-21 11:22:26 | INFO     | [paths] app_root = D:\Usuarios\cdlondono\Downloads\04. Proyectos\PYTHON\Extension-Materiales
2026-03-21 11:22:26 | INFO     | [paths] app_root = D:\Usuarios\cdlondono\Downloads\04. Proyectos\PYTHON\Extension-Materiales
2026-03-21 11:22:26 | INFO     | Archivos temporales eliminados.
2026-03-21 11:22:26 | INFO     | [paths] app_root = D:\Usuarios\cdlondono\Downloads\04. Proyectos\PYTHON\Extension-Materiales
2026-03-21 11:22:26 | INFO     | Log principal copiado a carpeta de ejecución: D:\Usuarios\cdlondono\Downloads\04. Proyectos\PYTHON\Extension-Materiales\logs\20260321_112152\app.log
2026-03-21 11:22:26 | INFO     | [paths] app_root = D:\Usuarios\cdlondono\Downloads\04. Proyectos\PYTHON\Extension-Materiales
2026-03-21 11:22:26 | INFO     | Plantilla abierta: D:\Usuarios\cdlondono\Downloads\04. Proyectos\PYTHON\Extension-Materiales\data\templates\Plantilla Extension Materiales.xlsx
2026-03-21 11:22:26 | INFO     | Proceso finalizado correctamente.
2026-03-21 11:33:30 | INFO     | [paths] app_root = D:\Usuarios\cdlondono\Downloads\04. Proyectos\PYTHON\Extension-Materiales
2026-03-21 11:33:30 | INFO     | Carpeta de ejecución: D:\Usuarios\cdlondono\Downloads\04. Proyectos\PYTHON\Extension-Materiales\logs\20260321_113330
2026-03-21 11:33:30 | INFO     | [paths] app_root = D:\Usuarios\cdlondono\Downloads\04. Proyectos\PYTHON\Extension-Materiales
2026-03-21 11:33:30 | INFO     | [paths] app_root = D:\Usuarios\cdlondono\Downloads\04. Proyectos\PYTHON\Extension-Materiales
2026-03-21 11:33:30 | INFO     | Plantilla esperada en: D:\Usuarios\cdlondono\Downloads\04. Proyectos\PYTHON\Extension-Materiales\data\templates\Plantilla Extension Materiales.xlsx
2026-03-21 11:33:30 | INFO     | tmp.xlsx esperado en: D:\Usuarios\cdlondono\Downloads\04. Proyectos\PYTHON\Extension-Materiales\data\tmp\tmp.xlsx
2026-03-21 11:33:30 | INFO     | [paths] app_root = D:\Usuarios\cdlondono\Downloads\04. Proyectos\PYTHON\Extension-Materiales
2026-03-21 11:33:36 | INFO     | Datos copiados al portapapeles desde la plantilla.
2026-03-21 11:33:36 | INFO     | [paths] app_root = D:\Usuarios\cdlondono\Downloads\04. Proyectos\PYTHON\Extension-Materiales
2026-03-21 11:39:00 | INFO     | Archivo tmp.xlsx generado desde SAP.
2026-03-21 11:39:00 | INFO     | generate_txt(cfg, exec_folder) no soportado; usando generate_txt(cfg) y moviendo archivo...
2026-03-21 11:39:00 | INFO     | [paths] app_root = D:\Usuarios\cdlondono\Downloads\04. Proyectos\PYTHON\Extension-Materiales
2026-03-21 11:39:00 | INFO     | [paths] app_root = D:\Usuarios\cdlondono\Downloads\04. Proyectos\PYTHON\Extension-Materiales
2026-03-21 11:39:00 | INFO     | [paths] app_root = D:\Usuarios\cdlondono\Downloads\04. Proyectos\PYTHON\Extension-Materiales
2026-03-21 11:39:07 | INFO     | [paths] app_root = D:\Usuarios\cdlondono\Downloads\04. Proyectos\PYTHON\Extension-Materiales
2026-03-21 11:39:07 | INFO     | Archivo TXT generado (sin exec_folder) en: D:\Usuarios\cdlondono\Downloads\04. Proyectos\PYTHON\Extension-Materiales\logs\archivo_cargue.txt
2026-03-21 11:39:08 | INFO     | Instancias de Excel cerradas.
2026-03-21 11:39:08 | INFO     | [paths] app_root = D:\Usuarios\cdlondono\Downloads\04. Proyectos\PYTHON\Extension-Materiales
2026-03-21 11:39:19 | INFO     | Archivo TXT cargado en SAP.
2026-03-21 11:39:19 | INFO     | TXT movido a carpeta de ejecución: D:\Usuarios\cdlondono\Downloads\04. Proyectos\PYTHON\Extension-Materiales\logs\20260321_113330\archivo_cargue.txt
2026-03-21 11:39:19 | INFO     | [paths] app_root = D:\Usuarios\cdlondono\Downloads\04. Proyectos\PYTHON\Extension-Materiales
2026-03-21 11:39:19 | INFO     | Log de no encontrados movido a: D:\Usuarios\cdlondono\Downloads\04. Proyectos\PYTHON\Extension-Materiales\logs\20260321_113330\log_materiales_no_encontrados.csv
2026-03-21 11:39:19 | INFO     | [paths] app_root = D:\Usuarios\cdlondono\Downloads\04. Proyectos\PYTHON\Extension-Materiales
2026-03-21 11:39:19 | INFO     | Log de no encontrados movido a: D:\Usuarios\cdlondono\Downloads\04. Proyectos\PYTHON\Extension-Materiales\logs\20260321_113330\LOG_BAPI.TXT
2026-03-21 11:39:19 | INFO     | [paths] app_root = D:\Usuarios\cdlondono\Downloads\04. Proyectos\PYTHON\Extension-Materiales
2026-03-21 11:39:19 | INFO     | Log de no encontrados movido a: D:\Usuarios\cdlondono\Downloads\04. Proyectos\PYTHON\Extension-Materiales\logs\20260321_113330\LOG_CLASE.TXT
2026-03-21 11:39:19 | INFO     | [paths] app_root = D:\Usuarios\cdlondono\Downloads\04. Proyectos\PYTHON\Extension-Materiales
2026-03-21 11:39:19 | INFO     | [paths] app_root = D:\Usuarios\cdlondono\Downloads\04. Proyectos\PYTHON\Extension-Materiales
2026-03-21 11:39:19 | INFO     | Log de no encontrados movido a: D:\Usuarios\cdlondono\Downloads\04. Proyectos\PYTHON\Extension-Materiales\logs\20260321_113330\LOG_ERROR.TXT
2026-03-21 11:39:19 | INFO     | [paths] app_root = D:\Usuarios\cdlondono\Downloads\04. Proyectos\PYTHON\Extension-Materiales
2026-03-21 11:39:19 | INFO     | Archivos temporales eliminados.
2026-03-21 11:39:19 | INFO     | [paths] app_root = D:\Usuarios\cdlondono\Downloads\04. Proyectos\PYTHON\Extension-Materiales
2026-03-21 11:39:19 | INFO     | Log principal copiado a carpeta de ejecución: D:\Usuarios\cdlondono\Downloads\04. Proyectos\PYTHON\Extension-Materiales\logs\20260321_113330\app.log
2026-03-21 11:39:19 | INFO     | [paths] app_root = D:\Usuarios\cdlondono\Downloads\04. Proyectos\PYTHON\Extension-Materiales
2026-03-21 11:39:20 | INFO     | Plantilla abierta: D:\Usuarios\cdlondono\Downloads\04. Proyectos\PYTHON\Extension-Materiales\data\templates\Plantilla Extension Materiales.xlsx
2026-03-21 11:39:20 | INFO     | Proceso finalizado correctamente.
2026-03-21 11:53:03 | INFO     | [paths] app_root = D:\Usuarios\cdlondono\Downloads\04. Proyectos\PYTHON\Extension-Materiales
2026-03-21 11:53:03 | INFO     | Carpeta de ejecución: D:\Usuarios\cdlondono\Downloads\04. Proyectos\PYTHON\Extension-Materiales\logs\20260321_115303
2026-03-21 11:53:03 | INFO     | [paths] app_root = D:\Usuarios\cdlondono\Downloads\04. Proyectos\PYTHON\Extension-Materiales
2026-03-21 11:53:03 | INFO     | [paths] app_root = D:\Usuarios\cdlondono\Downloads\04. Proyectos\PYTHON\Extension-Materiales
2026-03-21 11:53:03 | INFO     | Plantilla esperada en: D:\Usuarios\cdlondono\Downloads\04. Proyectos\PYTHON\Extension-Materiales\data\templates\Plantilla Extension Materiales.xlsx
2026-03-21 11:53:03 | INFO     | tmp.xlsx esperado en: D:\Usuarios\cdlondono\Downloads\04. Proyectos\PYTHON\Extension-Materiales\data\tmp\tmp.xlsx
2026-03-21 11:53:03 | INFO     | [paths] app_root = D:\Usuarios\cdlondono\Downloads\04. Proyectos\PYTHON\Extension-Materiales
2026-03-21 11:53:08 | INFO     | Datos copiados al portapapeles desde la plantilla.
2026-03-21 11:53:08 | INFO     | [paths] app_root = D:\Usuarios\cdlondono\Downloads\04. Proyectos\PYTHON\Extension-Materiales
2026-03-21 11:53:38 | INFO     | Archivo tmp.xlsx generado desde SAP.
2026-03-21 11:53:38 | INFO     | generate_txt(cfg, exec_folder) no soportado; usando generate_txt(cfg) y moviendo archivo...
2026-03-21 11:53:38 | INFO     | [paths] app_root = D:\Usuarios\cdlondono\Downloads\04. Proyectos\PYTHON\Extension-Materiales
2026-03-21 11:53:38 | INFO     | [paths] app_root = D:\Usuarios\cdlondono\Downloads\04. Proyectos\PYTHON\Extension-Materiales
2026-03-21 11:53:38 | INFO     | [paths] app_root = D:\Usuarios\cdlondono\Downloads\04. Proyectos\PYTHON\Extension-Materiales
2026-03-21 11:53:48 | INFO     | [paths] app_root = D:\Usuarios\cdlondono\Downloads\04. Proyectos\PYTHON\Extension-Materiales
2026-03-21 11:53:48 | INFO     | Archivo TXT generado (sin exec_folder) en: D:\Usuarios\cdlondono\Downloads\04. Proyectos\PYTHON\Extension-Materiales\logs\archivo_cargue.txt
2026-03-21 11:53:48 | INFO     | Instancias de Excel cerradas.
2026-03-21 11:53:48 | INFO     | [paths] app_root = D:\Usuarios\cdlondono\Downloads\04. Proyectos\PYTHON\Extension-Materiales
2026-03-21 11:54:02 | INFO     | Archivo TXT cargado en SAP.
2026-03-21 11:54:02 | INFO     | TXT movido a carpeta de ejecución: D:\Usuarios\cdlondono\Downloads\04. Proyectos\PYTHON\Extension-Materiales\logs\20260321_115303\archivo_cargue.txt
2026-03-21 11:54:02 | INFO     | [paths] app_root = D:\Usuarios\cdlondono\Downloads\04. Proyectos\PYTHON\Extension-Materiales
2026-03-21 11:54:02 | INFO     | Log de no encontrados movido a: D:\Usuarios\cdlondono\Downloads\04. Proyectos\PYTHON\Extension-Materiales\logs\20260321_115303\log_materiales_no_encontrados.csv
2026-03-21 11:54:02 | INFO     | [paths] app_root = D:\Usuarios\cdlondono\Downloads\04. Proyectos\PYTHON\Extension-Materiales
2026-03-21 11:54:02 | INFO     | Log de no encontrados movido a: D:\Usuarios\cdlondono\Downloads\04. Proyectos\PYTHON\Extension-Materiales\logs\20260321_115303\LOG_BAPI.TXT
2026-03-21 11:54:02 | INFO     | [paths] app_root = D:\Usuarios\cdlondono\Downloads\04. Proyectos\PYTHON\Extension-Materiales
2026-03-21 11:54:02 | INFO     | Log de no encontrados movido a: D:\Usuarios\cdlondono\Downloads\04. Proyectos\PYTHON\Extension-Materiales\logs\20260321_115303\LOG_CLASE.TXT
2026-03-21 11:54:02 | INFO     | [paths] app_root = D:\Usuarios\cdlondono\Downloads\04. Proyectos\PYTHON\Extension-Materiales
2026-03-21 11:54:02 | INFO     | [paths] app_root = D:\Usuarios\cdlondono\Downloads\04. Proyectos\PYTHON\Extension-Materiales
2026-03-21 11:54:02 | INFO     | Log de no encontrados movido a: D:\Usuarios\cdlondono\Downloads\04. Proyectos\PYTHON\Extension-Materiales\logs\20260321_115303\LOG_ERROR.TXT
2026-03-21 11:54:02 | INFO     | Archivos temporales eliminados.
2026-03-21 11:54:02 | INFO     | [paths] app_root = D:\Usuarios\cdlondono\Downloads\04. Proyectos\PYTHON\Extension-Materiales
2026-03-21 11:54:02 | INFO     | Log principal copiado a carpeta de ejecución: D:\Usuarios\cdlondono\Downloads\04. Proyectos\PYTHON\Extension-Materiales\logs\20260321_115303\app.log
2026-03-21 11:54:02 | INFO     | [paths] app_root = D:\Usuarios\cdlondono\Downloads\04. Proyectos\PYTHON\Extension-Materiales
2026-03-21 11:54:03 | INFO     | Plantilla abierta: D:\Usuarios\cdlondono\Downloads\04. Proyectos\PYTHON\Extension-Materiales\data\templates\Plantilla Extension Materiales.xlsx
2026-03-21 11:54:03 | INFO     | Proceso finalizado correctamente.
2026-03-21 12:03:24 | INFO     | [paths] app_root = D:\Usuarios\cdlondono\Downloads\04. Proyectos\PYTHON\Extension-Materiales
2026-03-21 12:03:24 | INFO     | Carpeta de ejecución: D:\Usuarios\cdlondono\Downloads\04. Proyectos\PYTHON\Extension-Materiales\logs\20260321_120324
2026-03-21 12:03:24 | INFO     | [paths] app_root = D:\Usuarios\cdlondono\Downloads\04. Proyectos\PYTHON\Extension-Materiales
2026-03-21 12:03:24 | INFO     | [paths] app_root = D:\Usuarios\cdlondono\Downloads\04. Proyectos\PYTHON\Extension-Materiales
2026-03-21 12:03:24 | INFO     | Plantilla esperada en: D:\Usuarios\cdlondono\Downloads\04. Proyectos\PYTHON\Extension-Materiales\data\templates\Plantilla Extension Materiales.xlsx
2026-03-21 12:03:24 | INFO     | tmp.xlsx esperado en: D:\Usuarios\cdlondono\Downloads\04. Proyectos\PYTHON\Extension-Materiales\data\tmp\tmp.xlsx
2026-03-21 12:03:24 | INFO     | [paths] app_root = D:\Usuarios\cdlondono\Downloads\04. Proyectos\PYTHON\Extension-Materiales
2026-03-21 12:03:31 | INFO     | Datos copiados al portapapeles desde la plantilla.
2026-03-21 12:03:31 | INFO     | [paths] app_root = D:\Usuarios\cdlondono\Downloads\04. Proyectos\PYTHON\Extension-Materiales
2026-03-21 12:03:52 | INFO     | Archivo tmp.xlsx generado desde SAP.
2026-03-21 12:03:52 | INFO     | generate_txt(cfg, exec_folder) no soportado; usando generate_txt(cfg) y moviendo archivo...
2026-03-21 12:03:52 | INFO     | [paths] app_root = D:\Usuarios\cdlondono\Downloads\04. Proyectos\PYTHON\Extension-Materiales
2026-03-21 12:03:52 | INFO     | [paths] app_root = D:\Usuarios\cdlondono\Downloads\04. Proyectos\PYTHON\Extension-Materiales
2026-03-21 12:03:53 | INFO     | [paths] app_root = D:\Usuarios\cdlondono\Downloads\04. Proyectos\PYTHON\Extension-Materiales
2026-03-21 12:04:00 | INFO     | [paths] app_root = D:\Usuarios\cdlondono\Downloads\04. Proyectos\PYTHON\Extension-Materiales
2026-03-21 12:04:00 | INFO     | Columnas del dataframe final (175 columnas): ['Datos básicos 1', 'Clasificación', 'ventas 1', 'ventas 2', 'Ventas Gnal', 'Texto comercial', 'Texto comercial expo', 'Compras', 'Texto comercial impo', 'Texto pedido compras', 'Planif.nece 1', 'Planif.nece 2', 'Planif.nece 3', 'Planif.nece 4', 'Pronostico', 'Preparación trabajo', 'Almacenamiento', 'calidad', 'Contabilidad', 'coste', 'Material', 'Ramo', 'Tipo de material', 'Centro', 'Almacén', 'Organización ventas', 'Canal distribución', 'Descripción material', 'Unidad medida base', 'Grupo de artículos', 'Nº antiguo material', 'Sector', 'Peso bruto', 'Unidad de peso', 'Peso neto', 'Volumen', 'Unidad de volumen', 'Tamaño/Dimensión', 'Código EAN/UPC', 'Gr.materiales ME', 'Grupo artíc. externo', 'Laboratorio/oficina', 'Texto datos basicos', 'Categoría de la clase', 'Caracteristicas', 'Un.medida venta', 'Grupo un.medida', 'StatMat todas CadDis', 'Validez de', 'Stat.esp.caden.distr', 'Validez de.1', 'Centro suministrador', 'Derecho a descuento', 'Clasificación fiscal', 'Cantidad de rechazo', 'Cant.mínima entrega', 'Cantidad mínima partición', 'Grupo estadísticas', 'Grupo de materiales', 'Grupo de rappels', 'Gr.imputación mat.', 'Gpo.tipos pos.gral.', 'Grupo tipos posición', 'Material precio', 'Jerarquía productos', 'Grupo de comisiones', 'Grupo materiales 1', 'Grupo de material 2', 'Grupo de material 3', 'Grupo de material 4', 'Grupo de material 5', 'Verif.disponibilidad', 'Grupo de transporte', 'Grupo de carga', 'Tiempo preparación', 'Tiempo tratamiento', 'Cantidad base', 'Tipo mat.embalaje', 'Stocks neg.centro', 'Centro de beneficio', 'Perfil número serie', 'Perfil distrib.', 'Nivel serialización', 'Texto de comercial', 'Unidad medida pedido', 'UM de pedido variable', 'Grupo de compras', 'Ident.impuest.mat.', 'Grp.porte mat.', 'Ind.pedido autom.', 'Requ.gest.lotes', 'Clave-valores-comp', 'Tmpo.tratamiento EM', 'Perfil piezas fabric.', 'Nº mcía./Nº cód.imp.', 'Texto Pedido de Compras', 'Grupo planif.nec.', 'Caract.planif.nec.', 'Punto de pedido', 'Planif.necesidades', 'Tam.lote planif.nec.', 'Tamaño lote mínimo', 'Tamaño lote máximo', 'Tamaño lote fijo', 'Stock máximo', 'Rechazo conjunto (%)', 'Valor de redondeo', 'Clase aprovisionam.', 'Aprovis.especial', 'Almacén producción', 'Toma retrograda', 'Alm.aprov.externo', 'Tiempo fabric.propia', 'Plazo entrega prev.', 'Clave de horizonte', 'Stock de seguridad', 'Perfil de cobertura', 'Grupo estrategia planificación', 'Modo de compensación', 'IntvCompens.atrás', 'IntCompens.adelante', 'Verif.disponibilidad.1', 'TiempoGlobalReaprov', 'SelecciónAltern', 'Individual/Colectivo', 'Fabricación repetit.', 'Perfil fabr.repet.', 'Modelo de pronóstico', 'Indicador de período', 'Periodos del pasado', 'Períodos pronóstico', 'Inicialización', 'Límite de alarma', 'Selección de modelo', 'Proced.selec.modelo', 'Alis.valor tendencia', 'Alisamiento DMA', 'UdM fabricación', 'Unidad med.salida', 'Resp.ctrl.producción', 'Perf.ctrl.fabric.', 'Grupo de materiales.1', 'Tol.entrg.incompleta', 'Tol.exc.suministro', 'Exceso sumin.ilim.', 'Tiempo preparación.1', 'Tiempo tratamiento.1', 'Cantidad base.1', 'Ubicación', 'Tmpo.mín.durac.rest.', 'Dur.total conserv.', 'Cond.almacenaje', 'Categoría valoración', 'Liquidación LM: Control', 'Control de precios', 'Precio variable', 'Precio estándar', 'Tipo de valoración', 'Cantidad base.2', 'Origen material', 'C/estruct.cuant.', 'Grupo gastos gral.', 'Clave de desviación', 'Stat.mat.específ.ce.', 'Válido de', 'Centro de beneficio.1', 'Alternativa LMat', 'Utilizac.lista mat.', 'Grupo de orígenes', 'Aprov.esp.CC', 'Entrada lotes', 'No efectuar CC', 'Medio', 'Cont.grupo HRuta', 'Indicador ABC']
2026-03-21 12:04:00 | INFO     | Archivo TXT generado (sin exec_folder) en: D:\Usuarios\cdlondono\Downloads\04. Proyectos\PYTHON\Extension-Materiales\logs\archivo_cargue.txt
2026-03-21 12:04:00 | INFO     | Instancias de Excel cerradas.
2026-03-21 12:04:00 | INFO     | [paths] app_root = D:\Usuarios\cdlondono\Downloads\04. Proyectos\PYTHON\Extension-Materiales
2026-03-21 12:04:42 | INFO     | Archivo TXT cargado en SAP.
2026-03-21 12:04:42 | INFO     | TXT movido a carpeta de ejecución: D:\Usuarios\cdlondono\Downloads\04. Proyectos\PYTHON\Extension-Materiales\logs\20260321_120324\archivo_cargue.txt
2026-03-21 12:04:42 | INFO     | [paths] app_root = D:\Usuarios\cdlondono\Downloads\04. Proyectos\PYTHON\Extension-Materiales
2026-03-21 12:04:42 | INFO     | Log de no encontrados movido a: D:\Usuarios\cdlondono\Downloads\04. Proyectos\PYTHON\Extension-Materiales\logs\20260321_120324\log_materiales_no_encontrados.csv
2026-03-21 12:04:42 | INFO     | [paths] app_root = D:\Usuarios\cdlondono\Downloads\04. Proyectos\PYTHON\Extension-Materiales
2026-03-21 12:04:42 | INFO     | Log de no encontrados movido a: D:\Usuarios\cdlondono\Downloads\04. Proyectos\PYTHON\Extension-Materiales\logs\20260321_120324\LOG_BAPI.TXT
2026-03-21 12:04:42 | INFO     | [paths] app_root = D:\Usuarios\cdlondono\Downloads\04. Proyectos\PYTHON\Extension-Materiales
2026-03-21 12:04:42 | INFO     | Log de no encontrados movido a: D:\Usuarios\cdlondono\Downloads\04. Proyectos\PYTHON\Extension-Materiales\logs\20260321_120324\LOG_CLASE.TXT
2026-03-21 12:04:42 | INFO     | [paths] app_root = D:\Usuarios\cdlondono\Downloads\04. Proyectos\PYTHON\Extension-Materiales
2026-03-21 12:04:42 | INFO     | [paths] app_root = D:\Usuarios\cdlondono\Downloads\04. Proyectos\PYTHON\Extension-Materiales
2026-03-21 12:04:42 | INFO     | Log de no encontrados movido a: D:\Usuarios\cdlondono\Downloads\04. Proyectos\PYTHON\Extension-Materiales\logs\20260321_120324\LOG_ERROR.TXT
2026-03-21 12:04:42 | INFO     | [paths] app_root = D:\Usuarios\cdlondono\Downloads\04. Proyectos\PYTHON\Extension-Materiales
2026-03-21 12:04:42 | INFO     | Archivos temporales eliminados.
2026-03-21 12:04:42 | INFO     | [paths] app_root = D:\Usuarios\cdlondono\Downloads\04. Proyectos\PYTHON\Extension-Materiales
2026-03-21 12:04:42 | INFO     | Log principal copiado a carpeta de ejecución: D:\Usuarios\cdlondono\Downloads\04. Proyectos\PYTHON\Extension-Materiales\logs\20260321_120324\app.log
2026-03-21 12:04:42 | INFO     | [paths] app_root = D:\Usuarios\cdlondono\Downloads\04. Proyectos\PYTHON\Extension-Materiales
2026-03-21 12:04:42 | INFO     | Plantilla abierta: D:\Usuarios\cdlondono\Downloads\04. Proyectos\PYTHON\Extension-Materiales\data\templates\Plantilla Extension Materiales.xlsx
2026-03-21 12:04:42 | INFO     | Proceso finalizado correctamente.
2026-03-21 12:25:02 | INFO     | [paths] app_root = D:\Usuarios\cdlondono\Downloads\04. Proyectos\PYTHON\Extension-Materiales
2026-03-21 12:25:02 | INFO     | Carpeta de ejecución: D:\Usuarios\cdlondono\Downloads\04. Proyectos\PYTHON\Extension-Materiales\logs\20260321_122502
2026-03-21 12:25:02 | INFO     | [paths] app_root = D:\Usuarios\cdlondono\Downloads\04. Proyectos\PYTHON\Extension-Materiales
2026-03-21 12:25:02 | INFO     | [paths] app_root = D:\Usuarios\cdlondono\Downloads\04. Proyectos\PYTHON\Extension-Materiales
2026-03-21 12:25:02 | INFO     | Plantilla esperada en: D:\Usuarios\cdlondono\Downloads\04. Proyectos\PYTHON\Extension-Materiales\data\templates\Plantilla Extension Materiales.xlsx
2026-03-21 12:25:02 | INFO     | tmp.xlsx esperado en: D:\Usuarios\cdlondono\Downloads\04. Proyectos\PYTHON\Extension-Materiales\data\tmp\tmp.xlsx
2026-03-21 12:25:02 | INFO     | [paths] app_root = D:\Usuarios\cdlondono\Downloads\04. Proyectos\PYTHON\Extension-Materiales
2026-03-21 12:25:08 | INFO     | Datos copiados al portapapeles desde la plantilla.
2026-03-21 12:25:08 | INFO     | [paths] app_root = D:\Usuarios\cdlondono\Downloads\04. Proyectos\PYTHON\Extension-Materiales
2026-03-21 12:25:24 | INFO     | Archivo tmp.xlsx generado desde SAP.
2026-03-21 12:25:24 | INFO     | generate_txt(cfg, exec_folder) no soportado; usando generate_txt(cfg) y moviendo archivo...
2026-03-21 12:25:24 | INFO     | [paths] app_root = D:\Usuarios\cdlondono\Downloads\04. Proyectos\PYTHON\Extension-Materiales
2026-03-21 12:25:24 | INFO     | [paths] app_root = D:\Usuarios\cdlondono\Downloads\04. Proyectos\PYTHON\Extension-Materiales
2026-03-21 12:25:24 | INFO     | [paths] app_root = D:\Usuarios\cdlondono\Downloads\04. Proyectos\PYTHON\Extension-Materiales
2026-03-21 12:25:33 | INFO     | [paths] app_root = D:\Usuarios\cdlondono\Downloads\04. Proyectos\PYTHON\Extension-Materiales
2026-03-21 12:25:33 | INFO     | Archivo TXT generado (sin exec_folder) en: D:\Usuarios\cdlondono\Downloads\04. Proyectos\PYTHON\Extension-Materiales\logs\archivo_cargue.txt
2026-03-21 12:25:33 | INFO     | Instancias de Excel cerradas.
2026-03-21 12:25:33 | INFO     | [paths] app_root = D:\Usuarios\cdlondono\Downloads\04. Proyectos\PYTHON\Extension-Materiales
2026-03-21 12:25:42 | INFO     | Archivo TXT cargado en SAP.
2026-03-21 12:25:42 | INFO     | TXT movido a carpeta de ejecución: D:\Usuarios\cdlondono\Downloads\04. Proyectos\PYTHON\Extension-Materiales\logs\20260321_122502\archivo_cargue.txt
2026-03-21 12:25:42 | INFO     | [paths] app_root = D:\Usuarios\cdlondono\Downloads\04. Proyectos\PYTHON\Extension-Materiales
2026-03-21 12:25:42 | INFO     | Log de no encontrados movido a: D:\Usuarios\cdlondono\Downloads\04. Proyectos\PYTHON\Extension-Materiales\logs\20260321_122502\log_materiales_no_encontrados.csv
2026-03-21 12:25:42 | INFO     | [paths] app_root = D:\Usuarios\cdlondono\Downloads\04. Proyectos\PYTHON\Extension-Materiales
2026-03-21 12:25:42 | INFO     | Log de no encontrados movido a: D:\Usuarios\cdlondono\Downloads\04. Proyectos\PYTHON\Extension-Materiales\logs\20260321_122502\LOG_BAPI.TXT
2026-03-21 12:25:42 | INFO     | [paths] app_root = D:\Usuarios\cdlondono\Downloads\04. Proyectos\PYTHON\Extension-Materiales
2026-03-21 12:25:42 | INFO     | Log de no encontrados movido a: D:\Usuarios\cdlondono\Downloads\04. Proyectos\PYTHON\Extension-Materiales\logs\20260321_122502\LOG_CLASE.TXT
2026-03-21 12:25:42 | INFO     | [paths] app_root = D:\Usuarios\cdlondono\Downloads\04. Proyectos\PYTHON\Extension-Materiales
2026-03-21 12:25:42 | INFO     | [paths] app_root = D:\Usuarios\cdlondono\Downloads\04. Proyectos\PYTHON\Extension-Materiales
2026-03-21 12:25:42 | INFO     | [paths] app_root = D:\Usuarios\cdlondono\Downloads\04. Proyectos\PYTHON\Extension-Materiales
2026-03-21 12:25:42 | INFO     | Archivos temporales eliminados.
2026-03-21 12:25:42 | INFO     | [paths] app_root = D:\Usuarios\cdlondono\Downloads\04. Proyectos\PYTHON\Extension-Materiales
2026-03-21 12:25:42 | INFO     | Log principal copiado a carpeta de ejecución: D:\Usuarios\cdlondono\Downloads\04. Proyectos\PYTHON\Extension-Materiales\logs\20260321_122502\app.log
2026-03-21 12:25:42 | INFO     | [paths] app_root = D:\Usuarios\cdlondono\Downloads\04. Proyectos\PYTHON\Extension-Materiales
2026-03-21 12:25:43 | INFO     | Plantilla abierta: D:\Usuarios\cdlondono\Downloads\04. Proyectos\PYTHON\Extension-Materiales\data\templates\Plantilla Extension Materiales.xlsx
2026-03-21 12:25:43 | INFO     | Proceso finalizado correctamente.
